Flow report for de10_standard
Fri Sep 11 03:21:54 2026
Quartus Prime Version 23.1std.1 Build 993 05/14/2024 SC Standard Edition


---------------------
; Table of Contents ;
---------------------
  1. Legal Notice
  2. Flow Summary
  3. Flow Settings
  4. Flow Non-Default Global Settings
  5. Flow Elapsed Time
  6. Flow OS Summary
  7. Flow Log
  8. Flow Messages
  9. Flow Suppressed Messages



----------------
; Legal Notice ;
----------------
Copyright (C) 2024  Intel Corporation. All rights reserved.
Your use of Intel Corporation's design tools, logic functions 
and other software and tools, and any partner logic 
functions, and any output files from any of the foregoing 
(including device programming or simulation files), and any 
associated documentation or information are expressly subject 
to the terms and conditions of the Intel Program License 
Subscription Agreement, the Intel Quartus Prime License Agreement,
the Intel FPGA IP License Agreement, or other applicable license
agreement, including, without limitation, that your use is for
the sole purpose of programming logic devices manufactured by
Intel and sold by Intel or its authorized distributors.  Please
refer to the applicable agreement for further details, at
https://fpgasoftware.intel.com/eula.



+--------------------------------------------------------------------------------------+
; Flow Summary                                                                         ;
+---------------------------------+----------------------------------------------------+
; Flow Status                     ; Successful - Fri Sep 11 03:21:42 2026              ;
; Quartus Prime Version           ; 23.1std.1 Build 993 05/14/2024 SC Standard Edition ;
; Revision Name                   ; de10_standard                                      ;
; Top-level Entity Name           ; inference_accelerator_top                          ;
; Family                          ; Cyclone V                                          ;
; Device                          ; 5CSXFC6D6F31C6                                     ;
; Timing Models                   ; Final                                              ;
; Logic utilization (in ALMs)     ; 3,361 / 41,910 ( 8 % )                             ;
; Total registers                 ; 5798                                               ;
; Total pins                      ; 68 / 499 ( 14 % )                                  ;
; Total virtual pins              ; 509                                                ;
; Total block memory bits         ; 131,072 / 5,662,720 ( 2 % )                        ;
; Total DSP Blocks                ; 65 / 112 ( 58 % )                                  ;
; Total HSSI RX PCSs              ; 0 / 9 ( 0 % )                                      ;
; Total HSSI PMA RX Deserializers ; 0 / 9 ( 0 % )                                      ;
; Total HSSI TX PCSs              ; 0 / 9 ( 0 % )                                      ;
; Total HSSI PMA TX Serializers   ; 0 / 9 ( 0 % )                                      ;
; Total PLLs                      ; 0 / 15 ( 0 % )                                     ;
; Total DLLs                      ; 0 / 4 ( 0 % )                                      ;
+---------------------------------+----------------------------------------------------+


+-----------------------------------------+
; Flow Settings                           ;
+-------------------+---------------------+
; Option            ; Setting             ;
+-------------------+---------------------+
; Start date & time ; 09/11/2026 03:19:53 ;
; Main task         ; Compilation         ;
; Revision Name     ; de10_standard       ;
+-------------------+---------------------+


+-------------------------------------------------------------------------------------------------+
; Flow Non-Default Global Settings                                                                ;
+--------------------------+---------------------------+---------------+-------------+------------+
; Assignment Name          ; Value                     ; Default Value ; Entity Name ; Section Id ;
+--------------------------+---------------------------+---------------+-------------+------------+
; COMPILER_SIGNATURE_ID    ; 1.178907699300025         ; --            ; --          ; --         ;
; PROJECT_OUTPUT_DIRECTORY ; output_files              ; --            ; --          ; --         ;
; TOP_LEVEL_ENTITY         ; inference_accelerator_top ; de10_standard ; --          ; --         ;
+--------------------------+---------------------------+---------------+-------------+------------+


+--------------------------------------------------------------------------------------------------------------------------+
; Flow Elapsed Time                                                                                                        ;
+----------------------+--------------+-------------------------+---------------------+------------------------------------+
; Module Name          ; Elapsed Time ; Average Processors Used ; Peak Virtual Memory ; Total CPU Time (on all processors) ;
+----------------------+--------------+-------------------------+---------------------+------------------------------------+
; Analysis & Synthesis ; 00:00:15     ; 1.0                     ; 574 MB              ; 00:00:25                           ;
; Fitter               ; 00:01:28     ; 1.5                     ; 2283 MB             ; 00:03:33                           ;
; Assembler            ; 00:00:00     ; 1.0                     ; 456 MB              ; 00:00:01                           ;
; Timing Analyzer      ; 00:00:11     ; 3.8                     ; 1026 MB             ; 00:00:33                           ;
; Total                ; 00:01:54     ; --                      ; --                  ; 00:04:32                           ;
+----------------------+--------------+-------------------------+---------------------+------------------------------------+


+----------------------------------------------------------------------------------------+
; Flow OS Summary                                                                        ;
+----------------------+------------------+----------------+------------+----------------+
; Module Name          ; Machine Hostname ; OS Name        ; OS Version ; Processor type ;
+----------------------+------------------+----------------+------------+----------------+
; Analysis & Synthesis ; raone-LOQ-15ARP9 ; Ubuntu 26.04.1 ; 26         ; x86_64         ;
; Fitter               ; raone-LOQ-15ARP9 ; Ubuntu 26.04.1 ; 26         ; x86_64         ;
; Assembler            ; raone-LOQ-15ARP9 ; Ubuntu 26.04.1 ; 26         ; x86_64         ;
; Timing Analyzer      ; raone-LOQ-15ARP9 ; Ubuntu 26.04.1 ; 26         ; x86_64         ;
+----------------------+------------------+----------------+------------+----------------+


------------
; Flow Log ;
------------
quartus_map --read_settings_files=on --write_settings_files=off de10_standard -c de10_standard
quartus_fit --read_settings_files=off --write_settings_files=off de10_standard -c de10_standard
quartus_asm --read_settings_files=off --write_settings_files=off de10_standard -c de10_standard
quartus_sta de10_standard -c de10_standard



