------------------------------------------------------------
Timing Analyzer Summary
------------------------------------------------------------

Type  : Slow 1100mV 85C Model Setup 'clk'
Slack : 1.191
TNS   : 0.000

Type  : Slow 1100mV 85C Model Hold 'clk'
Slack : 0.220
TNS   : 0.000

Type  : Slow 1100mV 85C Model Minimum Pulse Width 'clk'
Slack : 3.781
TNS   : 0.000

Type  : Slow 1100mV 0C Model Setup 'clk'
Slack : 1.180
TNS   : 0.000

Type  : Slow 1100mV 0C Model Hold 'clk'
Slack : 0.128
TNS   : 0.000

Type  : Slow 1100mV 0C Model Minimum Pulse Width 'clk'
Slack : 3.744
TNS   : 0.000

Type  : Fast 1100mV 85C Model Setup 'clk'
Slack : 4.767
TNS   : 0.000

Type  : Fast 1100mV 85C Model Hold 'clk'
Slack : 0.129
TNS   : 0.000

Type  : Fast 1100mV 85C Model Minimum Pulse Width 'clk'
Slack : 3.908
TNS   : 0.000

Type  : Fast 1100mV 0C Model Setup 'clk'
Slack : 5.236
TNS   : 0.000

Type  : Fast 1100mV 0C Model Hold 'clk'
Slack : 0.114
TNS   : 0.000

Type  : Fast 1100mV 0C Model Minimum Pulse Width 'clk'
Slack : 3.905
TNS   : 0.000

------------------------------------------------------------
